
> nextjs-app@0.1.0 build
> next build

⚠ Warning: Next.js inferred your workspace root, but it may not be correct.
 We detected multiple lockfiles and selected the directory of /home/vasantha/AI-Projects/ClariFin_OS/package-lock.json as the root directory.
 To silence this warning, set `turbopack.root` in your Next.js config, or consider removing one of the lockfiles if it's not needed.
   See https://nextjs.org/docs/app/api-reference/config/next-config-js/turbopack#root-directory for more information.
 Detected additional lockfiles: 
   * /home/vasantha/AI-Projects/ClariFin_OS/frontend/package-lock.json

▲ Next.js 16.1.6 (Turbopack)
- Environments: .env.local

  Creating an optimized production build ...
✓ Compiled successfully in 20.2s
  Running TypeScript ...
Failed to compile.

./components/dashboard/net-worth-widget.tsx:76:95
Type error: Expected 0 arguments, but got 1.

[0m [90m 74 |[39m [36mexport[39m [36mfunction[39m [33mNetWorthWidget[39m({ mode [33m=[39m [32m"personal"[39m }[33m:[39m [33mNetWorthWidgetProps[39m) {
 [90m 75 |[39m   [36mconst[39m { data[33m:[39m netWorth[33m,[39m loading[33m:[39m netWorthLoading[33m,[39m error[33m:[39m netWorthError[33m,[39m refetch[33m:[39m refetchNetWorth } [33m=[39m useNetWorthQuery()[33m;[39m
[31m[1m>[22m[39m[90m 76 |[39m   [36mconst[39m { data[33m:[39m trendData[33m,[39m loading[33m:[39m trendLoading[33m,[39m error[33m:[39m trendError } [33m=[39m useNetWorthTrendQuery([35m6[39m)[33m;[39m
 [90m    |[39m                                                                                               [31m[1m^[22m[39m
 [90m 77 |[39m
 [90m 78 |[39m   [36mconst[39m loading [33m=[39m netWorthLoading [33m||[39m trendLoading[33m;[39m
 [90m 79 |[39m   [36mconst[39m error [33m=[39m netWorthError [33m||[39m trendError[33m;[39m[0m
Next.js build worker exited with code: 1 and signal: null
