Total obligations: 64
Open: 64
Closed: 0
  - obl-612327196aa9-0: account-engine (property)
  - obl-612327196aa9-1: account-engine (contract)
  - obl-612327196aa9-2: account-engine (unit)
  - obl-612327196aa9-3: account-engine (unit)
  - obl-612327196aa9-4: account-engine (unit)
  - obl-612327196aa9-5: account-engine (unit)
  - obl-612327196aa9-6: account-engine (unit)
  - obl-612327196aa9-7: api-contracts (contract)
  - obl-612327196aa9-8: api-contracts (unit)
  - obl-612327196aa9-9: api-contracts (unit)
  - obl-612327196aa9-10: api-contracts (unit)
  - obl-612327196aa9-11: api-contracts (unit)
  - obl-612327196aa9-12: api-contracts (unit)
  - obl-612327196aa9-13: behaviour-engine (property)
  - obl-612327196aa9-14: behaviour-engine (contract)
  - obl-612327196aa9-15: behaviour-engine (unit)
  - obl-612327196aa9-16: behaviour-engine (unit)
  - obl-612327196aa9-17: behaviour-engine (unit)
  - obl-612327196aa9-18: behaviour-engine (unit)
  - obl-612327196aa9-19: behaviour-engine (unit)
  - obl-612327196aa9-20: cashflow-engine (property)
  - obl-612327196aa9-21: cashflow-engine (contract)
  - obl-612327196aa9-22: cashflow-engine (unit)
  - obl-612327196aa9-23: cashflow-engine (unit)
  - obl-612327196aa9-24: cashflow-engine (unit)
  - obl-612327196aa9-25: cashflow-engine (unit)
  - obl-612327196aa9-26: cashflow-engine (unit)
  - obl-612327196aa9-27: credit-card-engine (property)
  - obl-612327196aa9-28: credit-card-engine (contract)
  - obl-612327196aa9-29: credit-card-engine (unit)
  - obl-612327196aa9-30: credit-card-engine (unit)
  - obl-612327196aa9-31: credit-card-engine (unit)
  - obl-612327196aa9-32: credit-card-engine (unit)
  - obl-612327196aa9-33: credit-card-engine (unit)
  - obl-612327196aa9-34: financial-intelligence (property)
  - obl-612327196aa9-35: financial-intelligence (contract)
  - obl-612327196aa9-36: financial-intelligence (unit)
  - obl-612327196aa9-37: financial-intelligence (unit)
  - obl-612327196aa9-38: financial-intelligence (unit)
  - obl-612327196aa9-39: financial-intelligence (unit)
  - obl-612327196aa9-40: financial-intelligence (unit)
  - obl-612327196aa9-41: ledger (contract)
  - obl-612327196aa9-42: ledger (unit)
  - obl-612327196aa9-43: ledger (integration)
  - obl-612327196aa9-44: ledger (unit)
  - obl-612327196aa9-45: ledger (unit)
  - obl-612327196aa9-46: ledger (unit)
  - obl-612327196aa9-47: loan-engine (property)
  - obl-612327196aa9-48: loan-engine (contract)
  - obl-612327196aa9-49: loan-engine (unit)
  - obl-612327196aa9-50: loan-engine (unit)
  - obl-612327196aa9-51: loan-engine (unit)
  - obl-612327196aa9-52: loan-engine (unit)
  - obl-612327196aa9-53: loan-engine (unit)
  - obl-612327196aa9-54: reconciliation (property)
  - obl-612327196aa9-55: reconciliation (contract)
  - obl-612327196aa9-56: reconciliation (unit)
  - obl-612327196aa9-57: reconciliation (unit)
  - obl-612327196aa9-58: reconciliation (unit)
  - obl-612327196aa9-59: reconciliation (unit)
  - obl-612327196aa9-60: reconciliation (unit)
  - obl-612327196aa9-61: runtime-verification (unit)
  - obl-612327196aa9-62: runtime-verification (unit)
  - obl-612327196aa9-63: frontend-e2e (e2e)
