.......F
=================================== FAILURES ===================================
____________________________ test_zero_interest_emi ____________________________
backend/tests/properties/loan_engine/test_emi_properties.py:188: in test_zero_interest_emi
    st.integers(min_value=MIN_PRINCIPAL_PAISE, max_value=MAX_PRINCIPAL_PAISE),
               ^^^
backend/tests/properties/loan_engine/test_emi_properties.py:201: in test_zero_interest_emi
    assert emi == expected_emi
E   assert 50000 == 100000
E   Failing test case: test_zero_interest_emi(
E       # The test always failed when commented parts were varied together.
E       principal=,  # or any other generated value
E       rate=,  # or any other generated value
E       tenure=,
E   )
=============================== warnings summary ===============================
.venv/lib/python3.12/site-packages/fastapi/testclient.py:1
  /home/vasantha/AI-Projects/ClariFin_OS/.venv/lib/python3.12/site-packages/fastapi/testclient.py:1: StarletteDeprecationWarning: Using `httpx` with `starlette.testclient` is deprecated; install `httpx2` instead.
    from starlette.testclient import TestClient as TestClient  # noqa

.venv/lib/python3.12/site-packages/_hypothesis_pytestplugin.py:487
  /home/vasantha/AI-Projects/ClariFin_OS/.venv/lib/python3.12/site-packages/_hypothesis_pytestplugin.py:487: UserWarning: Skipping collection of '.hypothesis' directory - this usually means you've explicitly set the `norecursedirs` pytest config option, replacing rather than extending the default ignores.
    warnings.warn(

-- Docs: https://docs.pytest.org/en/stable/how-to/capture-warnings.html
=========================== short test summary info ============================
FAILED backend/tests/properties/loan_engine/test_emi_properties.py::test_zero_interest_emi
!!!!!!!!!!!!!!!!!!!!!!!!!! stopping after 1 failures !!!!!!!!!!!!!!!!!!!!!!!!!!!
1 failed, 7 passed, 2 warnings in 4.50s
