>> lint: npx eslint . --ext .ts,.tsx --quiet

Oops! Something went wrong! :(

ESLint: 10.10.0

Error [ERR_MODULE_NOT_FOUND]: Cannot find module '/home/vasantha/AI-Projects/ClariFin_OS/frontend/node_modules/eslint/config' imported from /home/vasantha/AI-Projects/ClariFin_OS/frontend/eslint.config.mjs
    at finalizeResolution (node:internal/modules/esm/resolve:283:11)
    at moduleResolve (node:internal/modules/esm/resolve:952:10)
    at defaultResolve (node:internal/modules/esm/resolve:1188:11)
    at ModuleLoader.defaultResolve (node:internal/modules/esm/loader:708:12)
    at #cachedDefaultResolve (node:internal/modules/esm/loader:657:25)
    at ModuleLoader.resolve (node:internal/modules/esm/loader:640:38)
    at ModuleLoader.getModuleJobForImport (node:internal/modules/esm/loader:264:38)
    at ModuleJob._link (node:internal/modules/esm/module_job:168:49)
<< lint: fail (exit=2, 12s)
>> typecheck: npx tsc --noEmit

[41m                                                                               [0m
[41m[37m                This is not the tsc command you are looking for                [0m
[41m                                                                               [0m

To get access to the TypeScript compiler, [34mtsc[0m, from the command line either:

- Use [1mnpm install typescript[0m to first add TypeScript to your project [1mbefore[0m using npx
- Use [1myarn[0m to avoid accidentally running code from un-installed packages
<< typecheck: fail (exit=1, 4s)
>> build: npm run build

> nextjs-app@0.1.0 build
> next build

sh: 1: next: not found
<< build: fail (exit=127, 1s)
>> test: npx vitest run
npm warn exec The following package was not found and will be installed: vitest@4.1.11
vitest.config.ts (1:352) [33m[UNRESOLVED_IMPORT] [0mCould not resolve 'vitest/config' in vitest.config.ts
 - Module not found, treating it as an external dependency in vitest.config.ts at 352..367

failed to load config from /home/vasantha/AI-Projects/ClariFin_OS/frontend/vitest.config.ts

⎯⎯⎯⎯⎯⎯⎯ Startup Error ⎯⎯⎯⎯⎯⎯⎯⎯
Error: Cannot find module 'vitest/config'
Require stack:
- /home/vasantha/AI-Projects/ClariFin_OS/frontend/vitest.config.ts
- /home/vasantha/.npm/_npx/69c381f8ad94b576/node_modules/vite/dist/node/chunks/node.js
    at Module._resolveFilename (node:internal/modules/cjs/loader:1207:15)
    at Module._load (node:internal/modules/cjs/loader:1038:27)
    at Module.require (node:internal/modules/cjs/loader:1289:19)
    at require (node:internal/modules/helpers:182:18)
    at Object.<anonymous> (/home/vasantha/AI-Projects/ClariFin_OS/frontend/vitest.config.ts:23:21)
    at Module._compile (node:internal/modules/cjs/loader:1521:14)
    at _require.extensions.<computed> [as .js] (file:///home/vasantha/.npm/_npx/69c381f8ad94b576/node_modules/vite/dist/node/chunks/node.js:37175:42)
    at Module.load (node:internal/modules/cjs/loader:1266:32)
    at Module._load (node:internal/modules/cjs/loader:1091:12)
    at Module.require (node:internal/modules/cjs/loader:1289:19) {
  code: 'MODULE_NOT_FOUND',
  requireStack: [
    '/home/vasantha/AI-Projects/ClariFin_OS/frontend/vitest.config.ts',
    '/home/vasantha/.npm/_npx/69c381f8ad94b576/node_modules/vite/dist/node/chunks/node.js'
  ]
}



<< test: fail (exit=1, 23s)

Phase summary: /home/vasantha/AI-Projects/ClariFin_OS/runtime/generated/evidence/frontend/frontend-verification.json
  lint       fail  exit=2 12s
  typecheck  fail  exit=1 4s
  build      fail  exit=127 1s
  test       fail  exit=1 23s
