>> pytest tests/contract (parallel, phase=contract)
>> pytest tests/invariants (parallel, phase=invariants)
>> pytest tests/properties (parallel, phase=properties)
>> pytest tests/unit/engines (parallel, phase=unit-engines)
--- phase: contract ---
........................................................................ [ 44%]
........................................................................ [ 89%]
.................                                                        [100%]
=============================== warnings summary ===============================
../.venv/lib/python3.12/site-packages/starlette/testclient.py:53
  /home/vasantha/AI-Projects/ClariFin_OS/.venv/lib/python3.12/site-packages/starlette/testclient.py:53: DeprecationWarning: The anyio.abc.BlockingPortal alias is deprecated, use anyio.from_thread.BlockingPortal instead.
    _PortalFactoryType = Callable[[], AbstractContextManager[anyio.abc.BlockingPortal]]

../.venv/lib/python3.12/site-packages/_hypothesis_pytestplugin.py:487
  /home/vasantha/AI-Projects/ClariFin_OS/.venv/lib/python3.12/site-packages/_hypothesis_pytestplugin.py:487: UserWarning: Skipping collection of '.hypothesis' directory - this usually means you've explicitly set the `norecursedirs` pytest config option, replacing rather than extending the default ignores.
    warnings.warn(

-- Docs: https://docs.pytest.org/en/stable/how-to/capture-warnings.html
161 passed, 2 warnings in 91.45s (0:01:31)

<< contract: pass (exit=0, 91s)
--- phase: invariants ---
F..............F.....F.....                                              [100%]
=================================== FAILURES ===================================
________________________________ test_m4_probe _________________________________
tests/invariants/_m4_probe_live/test_m4_exit_probe.py:2: in test_m4_probe
    raise AssertionError("M4 exit probe: intentionally failing")
E   AssertionError: M4 exit probe: intentionally failing
_____________________ test_deterministic_matching_property _____________________
tests/invariants/test_reconciliation_determinism.py:140: in test_deterministic_matching_property
    @settings(
               
tests/invariants/test_reconciliation_determinism.py:150: in test_deterministic_matching_property
    conn.execute(
E   sqlite3.IntegrityError: UNIQUE constraint failed: transactions.statement_id, transactions.date, transactions.description, transactions.amount_paise, transactions.sequence_num
E   Failing test case: test_deterministic_matching_property(
E       reconciliation_db=,
E       transactions=,
E   )
_____________________ test_deterministic_matching_property _____________________
tests/invariants/test_reconciliation_properties.py:114: in test_deterministic_matching_property
    @settings(
               
tests/invariants/test_reconciliation_properties.py:124: in test_deterministic_matching_property
    conn.execute(
E   sqlite3.IntegrityError: UNIQUE constraint failed: transactions.statement_id, transactions.date, transactions.description, transactions.amount_paise, transactions.sequence_num
E   Failing test case: test_deterministic_matching_property(
E       reconciliation_db=,
E       transactions=,
E   )
=============================== warnings summary ===============================
../.venv/lib/python3.12/site-packages/starlette/testclient.py:53
  /home/vasantha/AI-Projects/ClariFin_OS/.venv/lib/python3.12/site-packages/starlette/testclient.py:53: DeprecationWarning: The anyio.abc.BlockingPortal alias is deprecated, use anyio.from_thread.BlockingPortal instead.
    _PortalFactoryType = Callable[[], AbstractContextManager[anyio.abc.BlockingPortal]]

../.venv/lib/python3.12/site-packages/_hypothesis_pytestplugin.py:487
  /home/vasantha/AI-Projects/ClariFin_OS/.venv/lib/python3.12/site-packages/_hypothesis_pytestplugin.py:487: UserWarning: Skipping collection of '.hypothesis' directory - this usually means you've explicitly set the `norecursedirs` pytest config option, replacing rather than extending the default ignores.
    warnings.warn(

-- Docs: https://docs.pytest.org/en/stable/how-to/capture-warnings.html
=========================== short test summary info ============================
FAILED tests/invariants/_m4_probe_live/test_m4_exit_probe.py::test_m4_probe
FAILED tests/invariants/test_reconciliation_determinism.py::test_deterministic_matching_property
FAILED tests/invariants/test_reconciliation_properties.py::test_deterministic_matching_property
3 failed, 24 passed, 2 warnings in 46.10s
<< invariants: fail (exit=1, 46s)
--- phase: properties ---
........................................................................ [ 24%]
........................................................................ [ 49%]
...................................................x.F.................. [ 74%]
........................................................................ [ 99%]
.                                                                        [100%]
=================================== FAILURES ===================================
____________ test_simulate_floating_rate_schedule_rate_application _____________
tests/properties/loan_engine/test_floating_rate_properties.py:289: in test_simulate_floating_rate_schedule_rate_application
    @settings(
               
tests/properties/loan_engine/test_floating_rate_properties.py:333: in test_simulate_floating_rate_schedule_rate_application
    assert emi_after != emi_before, (
E   AssertionError: adjust_emi at month 2 with rate 501 did not change EMI (was 25261, now 25261)
E   assert 25261 != 25261
E   Failing test case: test_simulate_floating_rate_schedule_rate_application(
E       rate_change_params=,
E   )
=============================== warnings summary ===============================
../.venv/lib/python3.12/site-packages/starlette/testclient.py:53
  /home/vasantha/AI-Projects/ClariFin_OS/.venv/lib/python3.12/site-packages/starlette/testclient.py:53: DeprecationWarning: The anyio.abc.BlockingPortal alias is deprecated, use anyio.from_thread.BlockingPortal instead.
    _PortalFactoryType = Callable[[], AbstractContextManager[anyio.abc.BlockingPortal]]

../.venv/lib/python3.12/site-packages/_hypothesis_pytestplugin.py:487
  /home/vasantha/AI-Projects/ClariFin_OS/.venv/lib/python3.12/site-packages/_hypothesis_pytestplugin.py:487: UserWarning: Skipping collection of '.hypothesis' directory - this usually means you've explicitly set the `norecursedirs` pytest config option, replacing rather than extending the default ignores.
    warnings.warn(

-- Docs: https://docs.pytest.org/en/stable/how-to/capture-warnings.html
=========================== short test summary info ============================
FAILED tests/properties/loan_engine/test_floating_rate_properties.py::test_simulate_floating_rate_schedule_rate_application
1 failed, 287 passed, 1 xfailed, 2 warnings in 24.12s
<< properties: fail (exit=1, 24s)
--- phase: unit-engines ---
........................................................................ [  2%]
........................................................................ [  5%]
........................................................................ [  8%]
........................................................................ [ 11%]
........................................................................ [ 13%]
........................................................................ [ 16%]
........................................................................ [ 19%]
........................................................................ [ 22%]
........................................................................ [ 25%]
........................................................................ [ 27%]
........................................................................ [ 30%]
........................................................................ [ 33%]
........................................................................ [ 36%]
........................................................................ [ 39%]
........................................................................ [ 41%]
........................................................................ [ 44%]
........................................................................ [ 47%]
........................................................................ [ 50%]
........................................................................ [ 52%]
........................................................................ [ 55%]
........................................................................ [ 58%]
........................................................................ [ 61%]
........................................................................ [ 64%]
........................................................................ [ 66%]
........................................................................ [ 69%]
........................................................................ [ 72%]
........................................................................ [ 75%]
........................................................................ [ 78%]
........................................................................ [ 80%]
........................................................................ [ 83%]
........................................................................ [ 86%]
........................................................................ [ 89%]
........................................................................ [ 91%]
........................................................................ [ 94%]
........................................................................ [ 97%]
................................................................         [100%]
=============================== warnings summary ===============================
../.venv/lib/python3.12/site-packages/starlette/testclient.py:53
  /home/vasantha/AI-Projects/ClariFin_OS/.venv/lib/python3.12/site-packages/starlette/testclient.py:53: DeprecationWarning: The anyio.abc.BlockingPortal alias is deprecated, use anyio.from_thread.BlockingPortal instead.
    _PortalFactoryType = Callable[[], AbstractContextManager[anyio.abc.BlockingPortal]]

../.venv/lib/python3.12/site-packages/_hypothesis_pytestplugin.py:487
  /home/vasantha/AI-Projects/ClariFin_OS/.venv/lib/python3.12/site-packages/_hypothesis_pytestplugin.py:487: UserWarning: Skipping collection of '.hypothesis' directory - this usually means you've explicitly set the `norecursedirs` pytest config option, replacing rather than extending the default ignores.
    warnings.warn(

-- Docs: https://docs.pytest.org/en/stable/how-to/capture-warnings.html
2584 passed, 2 warnings in 34.76s
<< unit-engines: pass (exit=0, 34s)

Phase summary: /home/vasantha/AI-Projects/ClariFin_OS/runtime/generated/evidence/backend/backend-verification.json
  contract       pass  exit=0 91s
  invariants     fail  exit=1 46s
  properties     fail  exit=1 24s
  unit-engines   pass  exit=0 34s
